<?xml version="1.0" encoding="UTF-8" ?>
<testsuites name="vitest tests" tests="1" failures="0" errors="0" time="1113.585">
    <testsuite name="tests/LoginForm.test.tsx" timestamp="2024-08-26T18:56:21.866Z" hostname="IN-KA-F220DE" tests="1" failures="0" errors="0" skipped="0" time="0.12">
        <testcase classname="tests/LoginForm.test.tsx" name="LoginForm &gt; should fill in the login form and submit" time="0.12">
        </testcase>
    </testsuite>
</testsuites>
